nohup: ignoring input
Procesando 41 tiles filtrados...

=== Tile: 19HGB ===
Procesando Tile 19HGB | 10 meses a calcular.
Desplegando 2 workers en la CPU...
[201707] Ya existe. Omitiendo.
[201708] Ya existe. Omitiendo.
[201709] Ya existe. Omitiendo.
[201710] Ya existe. Omitiendo.
[201711] Ya existe. Omitiendo.
[201712] Ya existe. Omitiendo.
[201801] Ya existe. Omitiendo.
[201802] Ya existe. Omitiendo.
[201803] Ya existe. Omitiendo.
[201804] Ya existe. Omitiendo.

=== Tile: 19HGC ===
Procesando Tile 19HGC | 10 meses a calcular.
Desplegando 2 workers en la CPU...
[201707] Ya existe. Omitiendo.
[201708] Ya existe. Omitiendo.
[201709] Ya existe. Omitiendo.
[201710] Ya existe. Omitiendo.
[201711] Ya existe. Omitiendo.
[201712] Ya existe. Omitiendo.
[201801] Ya existe. Omitiendo.
[201802] Ya existe. Omitiendo.
[201803] Ya existe. Omitiendo.
[201804] Ya existe. Omitiendo.

=== Tile: 19HGD ===
Procesando Tile 19HGD | 10 meses a calcular.
Desplegando 2 workers en la CPU...
[201707] Ya existe. Omitiendo.
[201708] Ya existe. Omitiendo.
[201709] Ya existe. Omitiendo.
[201710] Ya existe. Omitiendo.
[201711] Ya existe. Omitiendo.
[201712] Ya existe. Omitiendo.
[201801] Ya existe. Omitiendo.
[201802] Ya existe. Omitiendo.
[201803] Ya existe. Omitiendo.
[201804] Ya existe. Omitiendo.

=== Tile: 19HGE ===
Procesando Tile 19HGE | 9 meses a calcular.
Desplegando 2 workers en la CPU...
[201708] Iniciando cálculo con 2 fechas...
[201710] Iniciando cálculo con 2 fechas...
[201712] Iniciando cálculo con 3 fechas...
[201802] Iniciando cálculo con 4 fechas...
[201804] Iniciando cálculo con 1 fechas...
[201709] Iniciando cálculo con 3 fechas...
[201711] Iniciando cálculo con 2 fechas...
[201801] Iniciando cálculo con 3 fechas...
[201803] Iniciando cálculo con 6 fechas...
[201708] Completado exitosamente.
[201709] Completado exitosamente.
[201710] Completado exitosamente.
[201711] Completado exitosamente.
[201712] Completado exitosamente.
[201801] Completado exitosamente.
[201802] Completado exitosamente.
[201803] Completado exitosamente.
[201804] Completado exitosamente.

=== Tile: 19JGF ===
Procesando Tile 19JGF | 9 meses a calcular.
Desplegando 2 workers en la CPU...
[201709] Iniciando cálculo con 3 fechas...
[201711] Iniciando cálculo con 2 fechas...
[201801] Iniciando cálculo con 3 fechas...
[201803] Iniciando cálculo con 6 fechas...
[201708] Iniciando cálculo con 2 fechas...
[201710] Iniciando cálculo con 2 fechas...
[201712] Iniciando cálculo con 3 fechas...
[201802] Iniciando cálculo con 4 fechas...
[201804] Iniciando cálculo con 3 fechas...
[201708] Completado exitosamente.
[201709] Completado exitosamente.
[201710] Completado exitosamente.
[201711] Completado exitosamente.
[201712] Completado exitosamente.
[201801] Completado exitosamente.
[201802] Completado exitosamente.
[201803] Completado exitosamente.
[201804] Completado exitosamente.

=== Tile: 19JGG ===
Procesando Tile 19JGG | 10 meses a calcular.
Desplegando 2 workers en la CPU...
[201708] Iniciando cálculo con 2 fechas...
[201710] Iniciando cálculo con 2 fechas...
[201712] Iniciando cálculo con 3 fechas...
[201802] Iniciando cálculo con 3 fechas...
[201804] Iniciando cálculo con 2 fechas...
[201707] Iniciando cálculo con 1 fechas...
[201709] Iniciando cálculo con 3 fechas...
[201711] Iniciando cálculo con 3 fechas...
[201711] Saltando archivo corrupto: /mnt/yacy_1/prod/ferreyra/sentinel2_cordoba_2017_2018_filtrado/19JGG/20171114/19JGG_20171114_B02.jp2 (Read failed. See previous exception for details.)
[201801] Iniciando cálculo con 3 fechas...
[201803] Iniciando cálculo con 5 fechas...
[201707] Completado exitosamente.
[201708] Completado exitosamente.
[201709] Completado exitosamente.
[201710] Completado exitosamente.
[201711] Completado exitosamente.
[201712] Completado exitosamente.
[201801] Completado exitosamente.
[201802] Completado exitosamente.
[201803] Completado exitosamente.
[201804] Completado exitosamente.

=== Tile: 20HKG ===
Procesando Tile 20HKG | 9 meses a calcular.
Desplegando 2 workers en la CPU...
[201708] Iniciando cálculo con 2 fechas...
[201711] Iniciando cálculo con 3 fechas...
[201801] Iniciando cálculo con 4 fechas...
[201803] Iniciando cálculo con 6 fechas...
[201709] Iniciando cálculo con 1 fechas...
[201710] Iniciando cálculo con 1 fechas...
[201712] Iniciando cálculo con 3 fechas...
[201802] Iniciando cálculo con 5 fechas...
[201804] Iniciando cálculo con 3 fechas...
[201708] Completado exitosamente.
[201709] Completado exitosamente.
[201710] Completado exitosamente.
[201711] Completado exitosamente.
[201712] Completado exitosamente.
[201801] Completado exitosamente.
[201802] Completado exitosamente.
[201803] Completado exitosamente.
[201804] Completado exitosamente.

=== Tile: 20HKH ===
Procesando Tile 20HKH | 10 meses a calcular.
Desplegando 2 workers en la CPU...
[201707] Iniciando cálculo con 2 fechas...
[201709] Iniciando cálculo con 1 fechas...
[201711] Iniciando cálculo con 1 fechas...
[201801] Iniciando cálculo con 4 fechas...
[201803] Iniciando cálculo con 5 fechas...
[201708] Iniciando cálculo con 2 fechas...
[201710] Iniciando cálculo con 2 fechas...
[201712] Iniciando cálculo con 3 fechas...
[201802] Iniciando cálculo con 4 fechas...
[201804] Iniciando cálculo con 3 fechas...
[201707] Completado exitosamente.
[201708] Completado exitosamente.
[201709] Completado exitosamente.
[201710] Completado exitosamente.
[201711] Completado exitosamente.
[201712] Completado exitosamente.
[201801] Completado exitosamente.
[201802] Completado exitosamente.
[201803] Completado exitosamente.
[201804] Completado exitosamente.

=== Tile: 20HKJ ===
Procesando Tile 20HKJ | 10 meses a calcular.
Desplegando 2 workers en la CPU...
[201707] Iniciando cálculo con 1 fechas...
[201709] Iniciando cálculo con 2 fechas...
[201711] Iniciando cálculo con 1 fechas...
[201801] Iniciando cálculo con 4 fechas...
[201803] Iniciando cálculo con 3 fechas...
[201708] Iniciando cálculo con 2 fechas...
[201710] Iniciando cálculo con 2 fechas...
[201712] Iniciando cálculo con 2 fechas...
[201802] Iniciando cálculo con 2 fechas...
[201804] Iniciando cálculo con 1 fechas...
[201707] Completado exitosamente.
[201708] Completado exitosamente.
[201709] Completado exitosamente.
[201710] Completado exitosamente.
[201711] Completado exitosamente.
[201712] Completado exitosamente.
[201801] Completado exitosamente.
[201802] Completado exitosamente.
[201803] Completado exitosamente.
[201804] Completado exitosamente.

=== Tile: 20HKK ===
Procesando Tile 20HKK | 9 meses a calcular.
Desplegando 2 workers en la CPU...
[201709] Iniciando cálculo con 3 fechas...
[201711] Iniciando cálculo con 2 fechas...
[201801] Iniciando cálculo con 3 fechas...
[201803] Iniciando cálculo con 4 fechas...
[201708] Iniciando cálculo con 2 fechas...
[201710] Iniciando cálculo con 2 fechas...
[201712] Iniciando cálculo con 2 fechas...
[201802] Iniciando cálculo con 3 fechas...
[201804] Iniciando cálculo con 2 fechas...
[201708] Completado exitosamente.
[201709] Completado exitosamente.
[201710] Completado exitosamente.
[201711] Completado exitosamente.
[201712] Completado exitosamente.
[201801] Completado exitosamente.
[201802] Completado exitosamente.
[201803] Completado exitosamente.
[201804] Completado exitosamente.

=== Tile: 20HLG ===
Procesando Tile 20HLG | 7 meses a calcular.
Desplegando 2 workers en la CPU...
[201708] Iniciando cálculo con 3 fechas...
[201710] Iniciando cálculo con 2 fechas...
[201712] Iniciando cálculo con 1 fechas...
[201804] Iniciando cálculo con 1 fechas...
[201707] Iniciando cálculo con 2 fechas...
[201709] Iniciando cálculo con 2 fechas...
[201711] Iniciando cálculo con 3 fechas...
[201707] Completado exitosamente.
[201708] Completado exitosamente.
[201709] Completado exitosamente.
[201710] Completado exitosamente.
[201711] Completado exitosamente.
[201712] Completado exitosamente.
[201804] Completado exitosamente.

=== Tile: 20HLH ===
Procesando Tile 20HLH | 6 meses a calcular.
Desplegando 2 workers en la CPU...
[201708] Iniciando cálculo con 2 fechas...
[201709] Iniciando cálculo con 2 fechas...
[201711] Iniciando cálculo con 2 fechas...
[201707] Iniciando cálculo con 2 fechas...
[201710] Iniciando cálculo con 2 fechas...
[201804] Iniciando cálculo con 2 fechas...
[201707] Completado exitosamente.
[201708] Completado exitosamente.
[201709] Completado exitosamente.
[201710] Completado exitosamente.
[201711] Completado exitosamente.
[201804] Completado exitosamente.

=== Tile: 20HLJ ===
Procesando Tile 20HLJ | 6 meses a calcular.
Desplegando 2 workers en la CPU...
[201707] Iniciando cálculo con 1 fechas...
[201710] Iniciando cálculo con 4 fechas...
[201804] Iniciando cálculo con 2 fechas...
[201708] Iniciando cálculo con 1 fechas...
[201709] Iniciando cálculo con 2 fechas...
[201711] Iniciando cálculo con 3 fechas...
[201707] Completado exitosamente.
[201708] Completado exitosamente.
[201709] Completado exitosamente.
[201710] Completado exitosamente.
[201711] Completado exitosamente.
[201804] Completado exitosamente.

=== Tile: 20HLK ===
Procesando Tile 20HLK | 10 meses a calcular.
Desplegando 2 workers en la CPU...
[201708] Iniciando cálculo con 4 fechas...
[201710] Iniciando cálculo con 2 fechas...
[201712] Iniciando cálculo con 4 fechas...
[201802] Iniciando cálculo con 3 fechas...
[201804] Iniciando cálculo con 4 fechas...
[201707] Iniciando cálculo con 1 fechas...
[201709] Iniciando cálculo con 3 fechas...
[201711] Iniciando cálculo con 6 fechas...
[201801] Iniciando cálculo con 3 fechas...
[201803] Iniciando cálculo con 4 fechas...
[201707] Completado exitosamente.
[201708] Completado exitosamente.
[201709] Completado exitosamente.
[201710] Completado exitosamente.
[201711] Completado exitosamente.
[201712] Completado exitosamente.
[201801] Completado exitosamente.
[201802] Completado exitosamente.
[201803] Completado exitosamente.
[201804] Completado exitosamente.

=== Tile: 20HMG ===
Procesando Tile 20HMG | 6 meses a calcular.
Desplegando 2 workers en la CPU...
[201707] Iniciando cálculo con 2 fechas...
[201709] Iniciando cálculo con 2 fechas...
[201711] Iniciando cálculo con 3 fechas...
[201708] Iniciando cálculo con 2 fechas...
[201710] Iniciando cálculo con 3 fechas...
[201804] Iniciando cálculo con 1 fechas...
[201707] Completado exitosamente.
[201708] Completado exitosamente.
[201709] Completado exitosamente.
[201710] Completado exitosamente.
[201711] Completado exitosamente.
[201804] Completado exitosamente.

=== Tile: 20HMH ===
Procesando Tile 20HMH | 6 meses a calcular.
Desplegando 2 workers en la CPU...
[201707] Iniciando cálculo con 2 fechas...
[201709] Iniciando cálculo con 2 fechas...
[201711] Iniciando cálculo con 3 fechas...
[201708] Iniciando cálculo con 2 fechas...
[201710] Iniciando cálculo con 3 fechas...
[201804] Iniciando cálculo con 1 fechas...
[201707] Completado exitosamente.
[201708] Completado exitosamente.
[201709] Completado exitosamente.
[201710] Completado exitosamente.
[201711] Completado exitosamente.
[201804] Completado exitosamente.

=== Tile: 20HMJ ===
Procesando Tile 20HMJ | 6 meses a calcular.
Desplegando 2 workers en la CPU...
[201707] Iniciando cálculo con 1 fechas...
[201709] Iniciando cálculo con 2 fechas...
[201711] Iniciando cálculo con 2 fechas...
[201708] Iniciando cálculo con 2 fechas...
[201710] Iniciando cálculo con 3 fechas...
[201804] Iniciando cálculo con 1 fechas...
[201707] Completado exitosamente.
[201708] Completado exitosamente.
[201709] Completado exitosamente.
[201710] Completado exitosamente.
[201711] Completado exitosamente.
[201804] Completado exitosamente.

=== Tile: 20HMK ===
Procesando Tile 20HMK | 6 meses a calcular.
Desplegando 2 workers en la CPU...
[201708] Iniciando cálculo con 1 fechas...
[201709] Iniciando cálculo con 1 fechas...
[201711] Iniciando cálculo con 2 fechas...
[201707] Iniciando cálculo con 1 fechas...
[201710] Iniciando cálculo con 3 fechas...
[201804] Iniciando cálculo con 1 fechas...
[201707] Completado exitosamente.
[201708] Completado exitosamente.
[201709] Completado exitosamente.
[201710] Completado exitosamente.
[201711] Completado exitosamente.
[201804] Completado exitosamente.

=== Tile: 20HNG ===
Procesando Tile 20HNG | 5 meses a calcular.
Desplegando 2 workers en la CPU...
[201708] Iniciando cálculo con 1 fechas...
[201709] Iniciando cálculo con 1 fechas...
[201804] Iniciando cálculo con 1 fechas...
[201707] Iniciando cálculo con 2 fechas...
[201710] Iniciando cálculo con 1 fechas...
[201707] Completado exitosamente.
[201708] Completado exitosamente.
[201709] Completado exitosamente.
[201710] Completado exitosamente.
[201804] Completado exitosamente.

=== Tile: 20HNH ===
Procesando Tile 20HNH | 5 meses a calcular.
Desplegando 2 workers en la CPU...
[201707] Iniciando cálculo con 2 fechas...
[201710] Iniciando cálculo con 1 fechas...
[201708] Iniciando cálculo con 2 fechas...
[201709] Iniciando cálculo con 1 fechas...
[201804] Iniciando cálculo con 2 fechas...
[201707] Completado exitosamente.
[201708] Completado exitosamente.
[201709] Completado exitosamente.
[201710] Completado exitosamente.
[201804] Completado exitosamente.

=== Tile: 20HNJ ===
Procesando Tile 20HNJ | 6 meses a calcular.
Desplegando 2 workers en la CPU...
[201707] Iniciando cálculo con 1 fechas...
[201709] Iniciando cálculo con 2 fechas...
[201711] Iniciando cálculo con 2 fechas...
[201708] Iniciando cálculo con 2 fechas...
[201710] Iniciando cálculo con 2 fechas...
[201804] Iniciando cálculo con 3 fechas...
[201707] Completado exitosamente.
[201708] Completado exitosamente.
[201709] Completado exitosamente.
[201710] Completado exitosamente.
[201711] Completado exitosamente.
[201804] Completado exitosamente.

=== Tile: 20HNK ===
Procesando Tile 20HNK | 6 meses a calcular.
Desplegando 2 workers en la CPU...
[201707] Iniciando cálculo con 1 fechas...
[201710] Iniciando cálculo con 2 fechas...
[201804] Iniciando cálculo con 1 fechas...
[201708] Iniciando cálculo con 1 fechas...
[201709] Iniciando cálculo con 1 fechas...
[201711] Iniciando cálculo con 1 fechas...
[201707] Completado exitosamente.
[201708] Completado exitosamente.
[201709] Completado exitosamente.
[201710] Completado exitosamente.
[201711] Completado exitosamente.
[201804] Completado exitosamente.

=== Tile: 20HPG ===
Procesando Tile 20HPG | 5 meses a calcular.
Desplegando 2 workers en la CPU...
[201707] Iniciando cálculo con 2 fechas...
[201710] Iniciando cálculo con 1 fechas...
[201708] Iniciando cálculo con 2 fechas...
[201709] Iniciando cálculo con 1 fechas...
[201804] Iniciando cálculo con 1 fechas...
[201707] Completado exitosamente.
[201708] Completado exitosamente.
[201709] Completado exitosamente.
[201710] Completado exitosamente.
[201804] Completado exitosamente.

=== Tile: 20HPH ===
Procesando Tile 20HPH | 5 meses a calcular.
Desplegando 2 workers en la CPU...
[201708] Iniciando cálculo con 2 fechas...
[201709] Iniciando cálculo con 1 fechas...
[201804] Iniciando cálculo con 2 fechas...
[201707] Iniciando cálculo con 2 fechas...
[201710] Iniciando cálculo con 1 fechas...
[201707] Completado exitosamente.
[201708] Completado exitosamente.
[201709] Completado exitosamente.
[201710] Completado exitosamente.
[201804] Completado exitosamente.

=== Tile: 20HPJ ===
Procesando Tile 20HPJ | 5 meses a calcular.
Desplegando 2 workers en la CPU...
[201707] Iniciando cálculo con 2 fechas...
[201711] Iniciando cálculo con 2 fechas...
[201708] Iniciando cálculo con 1 fechas...
[201710] Iniciando cálculo con 1 fechas...
[201804] Iniciando cálculo con 2 fechas...
[201707] Completado exitosamente.
[201708] Completado exitosamente.
[201710] Completado exitosamente.
[201711] Completado exitosamente.
[201804] Completado exitosamente.

=== Tile: 20HPK ===
Procesando Tile 20HPK | 6 meses a calcular.
Desplegando 2 workers en la CPU...
[201708] Iniciando cálculo con 1 fechas...
[201709] Iniciando cálculo con 1 fechas...
[201711] Iniciando cálculo con 1 fechas...
[201707] Iniciando cálculo con 1 fechas...
[201710] Iniciando cálculo con 1 fechas...
[201804] Iniciando cálculo con 3 fechas...
[201707] Completado exitosamente.
[201708] Completado exitosamente.
[201709] Completado exitosamente.
[201710] Completado exitosamente.
[201711] Completado exitosamente.
[201804] Completado exitosamente.

=== Tile: 20JKL ===
Procesando Tile 20JKL | 9 meses a calcular.
Desplegando 2 workers en la CPU...
[201709] Iniciando cálculo con 3 fechas...
[201711] Iniciando cálculo con 2 fechas...
[201711] Saltando archivo corrupto: /mnt/yacy_1/prod/ferreyra/sentinel2_cordoba_2017_2018_filtrado/20JKL/20171114/20JKL_20171114_B02.jp2 (Read failed. See previous exception for details.)
[201801] Iniciando cálculo con 3 fechas...
[201803] Iniciando cálculo con 5 fechas...
[201708] Iniciando cálculo con 2 fechas...
[201710] Iniciando cálculo con 2 fechas...
[201712] Iniciando cálculo con 2 fechas...
[201802] Iniciando cálculo con 5 fechas...
[201804] Iniciando cálculo con 2 fechas...
[201708] Completado exitosamente.
[201709] Completado exitosamente.
[201710] Completado exitosamente.
[201711] Completado exitosamente.
[201712] Completado exitosamente.
[201801] Completado exitosamente.
[201802] Completado exitosamente.
[201803] Completado exitosamente.
[201804] Completado exitosamente.

=== Tile: 20JKM ===
Procesando Tile 20JKM | 10 meses a calcular.
Desplegando 2 workers en la CPU...
[201708] Iniciando cálculo con 2 fechas...
[201710] Iniciando cálculo con 2 fechas...
[201712] Iniciando cálculo con 2 fechas...
[201802] Iniciando cálculo con 4 fechas...
[201804] Iniciando cálculo con 2 fechas...
[201707] Iniciando cálculo con 1 fechas...
[201709] Iniciando cálculo con 3 fechas...
[201711] Iniciando cálculo con 3 fechas...
[201801] Iniciando cálculo con 3 fechas...
[201803] Iniciando cálculo con 5 fechas...
[201707] Completado exitosamente.
[201708] Completado exitosamente.
[201709] Completado exitosamente.
[201710] Completado exitosamente.
[201711] Completado exitosamente.
[201712] Completado exitosamente.
[201801] Completado exitosamente.
[201802] Completado exitosamente.
[201803] Completado exitosamente.
[201804] Completado exitosamente.

=== Tile: 20JKN ===
Procesando Tile 20JKN | 9 meses a calcular.
Desplegando 2 workers en la CPU...
[201707] Iniciando cálculo con 1 fechas...
[201709] Iniciando cálculo con 3 fechas...
[201711] Iniciando cálculo con 3 fechas...
[201802] Iniciando cálculo con 3 fechas...
[201804] Iniciando cálculo con 2 fechas...
[201708] Iniciando cálculo con 2 fechas...
[201710] Iniciando cálculo con 2 fechas...
[201801] Iniciando cálculo con 3 fechas...
[201801] Saltando archivo corrupto: /mnt/yacy_1/prod/ferreyra/sentinel2_cordoba_2017_2018_filtrado/20JKN/20180103/20JKN_20180103_B08.jp2 (Read failed. See previous exception for details.)
[201803] Iniciando cálculo con 5 fechas...
[201707] Completado exitosamente.
[201708] Completado exitosamente.
[201709] Completado exitosamente.
[201710] Completado exitosamente.
[201711] Completado exitosamente.
[201801] Completado exitosamente.
[201802] Completado exitosamente.
[201803] Completado exitosamente.
[201804] Completado exitosamente.

=== Tile: 20JLL ===
Procesando Tile 20JLL | 10 meses a calcular.
Desplegando 2 workers en la CPU...
[201708] Iniciando cálculo con 2 fechas...
[201710] Iniciando cálculo con 2 fechas...
[201712] Iniciando cálculo con 2 fechas...
[201802] Iniciando cálculo con 3 fechas...
[201804] Iniciando cálculo con 1 fechas...
[201707] Iniciando cálculo con 1 fechas...
[201709] Iniciando cálculo con 3 fechas...
[201711] Iniciando cálculo con 3 fechas...
[201801] Iniciando cálculo con 2 fechas...
[201803] Iniciando cálculo con 3 fechas...
[201707] Completado exitosamente.
[201708] Completado exitosamente.
[201709] Completado exitosamente.
[201710] Completado exitosamente.
[201711] Completado exitosamente.
[201712] Completado exitosamente.
[201801] Completado exitosamente.
[201802] Completado exitosamente.
[201803] Completado exitosamente.
[201804] Completado exitosamente.

=== Tile: 20JLM ===
Procesando Tile 20JLM | 10 meses a calcular.
Desplegando 2 workers en la CPU...
[201707] Iniciando cálculo con 1 fechas...
[201709] Iniciando cálculo con 3 fechas...
[201711] Iniciando cálculo con 1 fechas...
[201801] Iniciando cálculo con 2 fechas...
[201803] Iniciando cálculo con 4 fechas...
[201708] Iniciando cálculo con 2 fechas...
[201710] Iniciando cálculo con 2 fechas...
[201712] Iniciando cálculo con 2 fechas...
[201802] Iniciando cálculo con 3 fechas...
[201804] Iniciando cálculo con 4 fechas...
[201707] Completado exitosamente.
[201708] Completado exitosamente.
[201709] Completado exitosamente.
[201710] Completado exitosamente.
[201711] Completado exitosamente.
[201712] Completado exitosamente.
[201801] Completado exitosamente.
[201802] Completado exitosamente.
[201803] Completado exitosamente.
[201804] Completado exitosamente.

=== Tile: 20JLN ===
Procesando Tile 20JLN | 10 meses a calcular.
Desplegando 2 workers en la CPU...
[201708] Iniciando cálculo con 2 fechas...
[201710] Iniciando cálculo con 2 fechas...
[201712] Iniciando cálculo con 1 fechas...
[201801] Iniciando cálculo con 3 fechas...
[201803] Iniciando cálculo con 3 fechas...
[201707] Iniciando cálculo con 1 fechas...
[201709] Iniciando cálculo con 3 fechas...
[201711] Iniciando cálculo con 3 fechas...
[201802] Iniciando cálculo con 4 fechas...
[201804] Iniciando cálculo con 3 fechas...
[201707] Completado exitosamente.
[201708] Completado exitosamente.
[201709] Completado exitosamente.
[201710] Completado exitosamente.
[201711] Completado exitosamente.
[201712] Completado exitosamente.
[201801] Completado exitosamente.
[201802] Completado exitosamente.
[201803] Completado exitosamente.
[201804] Completado exitosamente.

=== Tile: 20JML ===
Procesando Tile 20JML | 5 meses a calcular.
Desplegando 2 workers en la CPU...
[201707] Iniciando cálculo con 1 fechas...
[201709] Iniciando cálculo con 1 fechas...
[201711] Iniciando cálculo con 1 fechas...
[201708] Iniciando cálculo con 1 fechas...
[201710] Iniciando cálculo con 3 fechas...
[201707] Completado exitosamente.
[201708] Completado exitosamente.
[201709] Completado exitosamente.
[201710] Completado exitosamente.
[201711] Completado exitosamente.

=== Tile: 20JMM ===
Procesando Tile 20JMM | 9 meses a calcular.
Desplegando 2 workers en la CPU...
[201708] Iniciando cálculo con 1 fechas...
[201709] Iniciando cálculo con 1 fechas...
[201711] Iniciando cálculo con 1 fechas...
[201801] Iniciando cálculo con 2 fechas...
[201804] Iniciando cálculo con 2 fechas...
[201707] Iniciando cálculo con 1 fechas...
[201710] Iniciando cálculo con 3 fechas...
[201712] Iniciando cálculo con 2 fechas...
[201803] Iniciando cálculo con 2 fechas...
[201707] Completado exitosamente.
[201708] Completado exitosamente.
[201709] Completado exitosamente.
[201710] Completado exitosamente.
[201711] Completado exitosamente.
[201712] Completado exitosamente.
[201801] Completado exitosamente.
[201803] Completado exitosamente.
[201804] Completado exitosamente.

=== Tile: 20JMN ===
Procesando Tile 20JMN | 10 meses a calcular.
Desplegando 2 workers en la CPU...
[201707] Iniciando cálculo con 1 fechas...
[201709] Iniciando cálculo con 2 fechas...
[201711] Iniciando cálculo con 1 fechas...
[201801] Iniciando cálculo con 2 fechas...
[201803] Iniciando cálculo con 5 fechas...
[201708] Iniciando cálculo con 2 fechas...
[201710] Iniciando cálculo con 2 fechas...
[201712] Iniciando cálculo con 2 fechas...
[201802] Iniciando cálculo con 3 fechas...
[201804] Iniciando cálculo con 2 fechas...
[201707] Completado exitosamente.
[201708] Completado exitosamente.
[201709] Completado exitosamente.
[201710] Completado exitosamente.
[201711] Completado exitosamente.
[201712] Completado exitosamente.
[201801] Completado exitosamente.
[201802] Completado exitosamente.
[201803] Completado exitosamente.
[201804] Completado exitosamente.

=== Tile: 20JNL ===
Procesando Tile 20JNL | 6 meses a calcular.
Desplegando 2 workers en la CPU...
[201707] Iniciando cálculo con 1 fechas...
[201710] Iniciando cálculo con 2 fechas...
[201804] Iniciando cálculo con 2 fechas...
[201708] Iniciando cálculo con 1 fechas...
[201709] Iniciando cálculo con 1 fechas...
[201711] Iniciando cálculo con 1 fechas...
[201707] Completado exitosamente.
[201708] Completado exitosamente.
[201709] Completado exitosamente.
[201710] Completado exitosamente.
[201711] Completado exitosamente.
[201804] Completado exitosamente.

=== Tile: 20JNM ===
Procesando Tile 20JNM | 10 meses a calcular.
Desplegando 2 workers en la CPU...
[201708] Iniciando cálculo con 1 fechas...
[201710] Iniciando cálculo con 3 fechas...
[201712] Iniciando cálculo con 2 fechas...
[201802] Iniciando cálculo con 4 fechas...
[201804] Iniciando cálculo con 2 fechas...
[201707] Iniciando cálculo con 1 fechas...
[201709] Iniciando cálculo con 1 fechas...
[201711] Iniciando cálculo con 1 fechas...
[201801] Iniciando cálculo con 3 fechas...
[201803] Iniciando cálculo con 5 fechas...
[201707] Completado exitosamente.
[201708] Completado exitosamente.
[201709] Completado exitosamente.
[201710] Completado exitosamente.
[201711] Completado exitosamente.
[201712] Completado exitosamente.
[201801] Completado exitosamente.
[201802] Completado exitosamente.
[201803] Completado exitosamente.
[201804] Completado exitosamente.

=== Tile: 20JNN ===
Procesando Tile 20JNN | 10 meses a calcular.
Desplegando 2 workers en la CPU...
[201708] Iniciando cálculo con 2 fechas...
[201710] Iniciando cálculo con 3 fechas...
[201801] Iniciando cálculo con 1 fechas...
[201803] Iniciando cálculo con 4 fechas...
[201707] Iniciando cálculo con 1 fechas...
[201709] Iniciando cálculo con 1 fechas...
[201711] Iniciando cálculo con 1 fechas...
[201712] Iniciando cálculo con 1 fechas...
[201802] Iniciando cálculo con 3 fechas...
[201804] Iniciando cálculo con 2 fechas...
[201707] Completado exitosamente.
[201708] Completado exitosamente.
[201709] Completado exitosamente.
[201710] Completado exitosamente.
[201711] Completado exitosamente.
[201712] Completado exitosamente.
[201801] Completado exitosamente.
[201802] Completado exitosamente.
[201803] Completado exitosamente.
[201804] Completado exitosamente.

=== Tile: 20JPL ===
Procesando Tile 20JPL | 3 meses a calcular.
Desplegando 2 workers en la CPU...
[201708] Iniciando cálculo con 1 fechas...
[201804] Iniciando cálculo con 3 fechas...
[201707] Iniciando cálculo con 1 fechas...
[201707] Completado exitosamente.
[201708] Completado exitosamente.
[201804] Completado exitosamente.

=== Tile: 20JPM ===
Procesando Tile 20JPM | 6 meses a calcular.
Desplegando 2 workers en la CPU...
[201708] Iniciando cálculo con 2 fechas...
[201709] Iniciando cálculo con 1 fechas...
[201803] Iniciando cálculo con 2 fechas...
[201707] Iniciando cálculo con 3 fechas...
[201802] Iniciando cálculo con 1 fechas...
[201804] Iniciando cálculo con 3 fechas...
[201707] Completado exitosamente.
[201708] Completado exitosamente.
[201709] Completado exitosamente.
[201802] Completado exitosamente.
[201803] Completado exitosamente.
[201804] Completado exitosamente.

=== Tile: 20JPN ===
Procesando Tile 20JPN | 9 meses a calcular.
Desplegando 2 workers en la CPU...
[201707] Iniciando cálculo con 1 fechas...
[201710] Iniciando cálculo con 3 fechas...
[201801] Iniciando cálculo con 1 fechas...
[201803] Iniciando cálculo con 2 fechas...
[201709] Iniciando cálculo con 1 fechas...
[201711] Iniciando cálculo con 1 fechas...
[201712] Iniciando cálculo con 1 fechas...
[201802] Iniciando cálculo con 3 fechas...
[201804] Iniciando cálculo con 3 fechas...
[201707] Completado exitosamente.
[201709] Completado exitosamente.
[201710] Completado exitosamente.
[201711] Completado exitosamente.
[201712] Completado exitosamente.
[201801] Completado exitosamente.
[201802] Completado exitosamente.
[201803] Completado exitosamente.
[201804] Completado exitosamente.
