nohup: ignoring input
Procesando 41 tiles filtrados...

=== Tile: 19HGB ===
Procesando Tile 19HGB | 10 meses a calcular.
Desplegando 2 workers en la CPU...
[201707] Ya existe. Omitiendo.
[201708] Ya existe. Omitiendo.
[201709] Ya existe. Omitiendo.
[201710] Ya existe. Omitiendo.
[201711] Ya existe. Omitiendo.
[201712] Ya existe. Omitiendo.
[201801] Ya existe. Omitiendo.
[201802] Ya existe. Omitiendo.
[201803] Ya existe. Omitiendo.
[201804] Ya existe. Omitiendo.

=== Tile: 19HGC ===
Procesando Tile 19HGC | 10 meses a calcular.
Desplegando 2 workers en la CPU...
[201707] Ya existe. Omitiendo.
[201708] Ya existe. Omitiendo.
[201709] Ya existe. Omitiendo.
[201710] Ya existe. Omitiendo.
[201711] Ya existe. Omitiendo.
[201712] Ya existe. Omitiendo.
[201801] Ya existe. Omitiendo.
[201802] Ya existe. Omitiendo.
[201803] Ya existe. Omitiendo.
[201804] Ya existe. Omitiendo.

=== Tile: 19HGD ===
Procesando Tile 19HGD | 10 meses a calcular.
Desplegando 2 workers en la CPU...
[201707] Ya existe. Omitiendo.
[201708] Ya existe. Omitiendo.
[201709] Ya existe. Omitiendo.
[201710] Ya existe. Omitiendo.
[201711] Ya existe. Omitiendo.
[201712] Ya existe. Omitiendo.
[201801] Ya existe. Omitiendo.
[201802] Ya existe. Omitiendo.
[201803] Ya existe. Omitiendo.
[201804] Ya existe. Omitiendo.

=== Tile: 19HGE ===
Procesando Tile 19HGE | 9 meses a calcular.
Desplegando 2 workers en la CPU...
[201708] Ya existe. Omitiendo.
[201709] Ya existe. Omitiendo.
[201710] Ya existe. Omitiendo.
[201711] Ya existe. Omitiendo.
[201712] Ya existe. Omitiendo.
[201801] Ya existe. Omitiendo.
[201802] Ya existe. Omitiendo.
[201803] Ya existe. Omitiendo.
[201804] Ya existe. Omitiendo.

=== Tile: 19JGF ===
Procesando Tile 19JGF | 9 meses a calcular.
Desplegando 2 workers en la CPU...
[201708] Ya existe. Omitiendo.
[201709] Ya existe. Omitiendo.
[201710] Ya existe. Omitiendo.
[201711] Ya existe. Omitiendo.
[201712] Ya existe. Omitiendo.
[201801] Ya existe. Omitiendo.
[201802] Ya existe. Omitiendo.
[201803] Ya existe. Omitiendo.
[201804] Ya existe. Omitiendo.

=== Tile: 19JGG ===
Procesando Tile 19JGG | 10 meses a calcular.
Desplegando 2 workers en la CPU...
[201707] Ya existe. Omitiendo.
[201708] Ya existe. Omitiendo.
[201709] Ya existe. Omitiendo.
[201710] Ya existe. Omitiendo.
[201711] Ya existe. Omitiendo.
[201712] Ya existe. Omitiendo.
[201801] Ya existe. Omitiendo.
[201802] Ya existe. Omitiendo.
[201803] Ya existe. Omitiendo.
[201804] Ya existe. Omitiendo.

=== Tile: 20HKG ===
Procesando Tile 20HKG | 10 meses a calcular.
Desplegando 2 workers en la CPU...
[201707] Iniciando cálculo con 1 fechas...
[201707] Completado exitosamente.
[201708] Ya existe. Omitiendo.
[201709] Ya existe. Omitiendo.
[201710] Ya existe. Omitiendo.
[201711] Ya existe. Omitiendo.
[201712] Ya existe. Omitiendo.
[201801] Ya existe. Omitiendo.
[201802] Ya existe. Omitiendo.
[201803] Ya existe. Omitiendo.
[201804] Ya existe. Omitiendo.

=== Tile: 20HKH ===
Procesando Tile 20HKH | 10 meses a calcular.
Desplegando 2 workers en la CPU...
[201707] Ya existe. Omitiendo.
[201708] Ya existe. Omitiendo.
[201709] Ya existe. Omitiendo.
[201710] Ya existe. Omitiendo.
[201711] Ya existe. Omitiendo.
[201712] Ya existe. Omitiendo.
[201801] Ya existe. Omitiendo.
[201802] Ya existe. Omitiendo.
[201803] Ya existe. Omitiendo.
[201804] Ya existe. Omitiendo.

=== Tile: 20HKJ ===
Procesando Tile 20HKJ | 10 meses a calcular.
Desplegando 2 workers en la CPU...
[201707] Ya existe. Omitiendo.
[201708] Ya existe. Omitiendo.
[201709] Ya existe. Omitiendo.
[201710] Ya existe. Omitiendo.
[201711] Ya existe. Omitiendo.
[201712] Ya existe. Omitiendo.
[201801] Ya existe. Omitiendo.
[201802] Ya existe. Omitiendo.
[201803] Ya existe. Omitiendo.
[201804] Ya existe. Omitiendo.

=== Tile: 20HKK ===
Procesando Tile 20HKK | 9 meses a calcular.
Desplegando 2 workers en la CPU...
[201708] Ya existe. Omitiendo.
[201709] Ya existe. Omitiendo.
[201710] Ya existe. Omitiendo.
[201711] Ya existe. Omitiendo.
[201712] Ya existe. Omitiendo.
[201801] Ya existe. Omitiendo.
[201802] Ya existe. Omitiendo.
[201803] Ya existe. Omitiendo.
[201804] Ya existe. Omitiendo.

=== Tile: 20HLG ===
Procesando Tile 20HLG | 9 meses a calcular.
Desplegando 2 workers en la CPU...
[201803] Iniciando cálculo con 1 fechas...
[201801] Iniciando cálculo con 1 fechas...
[201707] Ya existe. Omitiendo.
[201708] Ya existe. Omitiendo.
[201709] Ya existe. Omitiendo.
[201710] Ya existe. Omitiendo.
[201711] Ya existe. Omitiendo.
[201712] Ya existe. Omitiendo.
[201801] Completado exitosamente.
[201803] Completado exitosamente.
[201804] Ya existe. Omitiendo.

=== Tile: 20HLH ===
Procesando Tile 20HLH | 7 meses a calcular.
Desplegando 2 workers en la CPU...
[201712] Iniciando cálculo con 1 fechas...
[201707] Ya existe. Omitiendo.
[201708] Ya existe. Omitiendo.
[201709] Ya existe. Omitiendo.
[201710] Ya existe. Omitiendo.
[201711] Ya existe. Omitiendo.
[201712] Completado exitosamente.
[201804] Ya existe. Omitiendo.

=== Tile: 20HLJ ===
Procesando Tile 20HLJ | 10 meses a calcular.
Desplegando 2 workers en la CPU...
[201801] Iniciando cálculo con 1 fechas...
[201803] Iniciando cálculo con 1 fechas...
[201712] Iniciando cálculo con 1 fechas...
[201802] Iniciando cálculo con 1 fechas...
[201707] Ya existe. Omitiendo.
[201708] Ya existe. Omitiendo.
[201709] Ya existe. Omitiendo.
[201710] Ya existe. Omitiendo.
[201711] Ya existe. Omitiendo.
[201712] Completado exitosamente.
[201801] Completado exitosamente.
[201802] Completado exitosamente.
[201803] Completado exitosamente.
[201804] Ya existe. Omitiendo.

=== Tile: 20HLK ===
Procesando Tile 20HLK | 10 meses a calcular.
Desplegando 2 workers en la CPU...
[201707] Ya existe. Omitiendo.
[201708] Ya existe. Omitiendo.
[201709] Ya existe. Omitiendo.
[201710] Ya existe. Omitiendo.
[201711] Ya existe. Omitiendo.
[201712] Ya existe. Omitiendo.
[201801] Ya existe. Omitiendo.
[201802] Ya existe. Omitiendo.
[201803] Ya existe. Omitiendo.
[201804] Ya existe. Omitiendo.

=== Tile: 20HMG ===
Procesando Tile 20HMG | 7 meses a calcular.
Desplegando 2 workers en la CPU...
[201712] Iniciando cálculo con 1 fechas...
[201707] Ya existe. Omitiendo.
[201708] Ya existe. Omitiendo.
[201709] Ya existe. Omitiendo.
[201710] Ya existe. Omitiendo.
[201711] Ya existe. Omitiendo.
[201712] Completado exitosamente.
[201804] Ya existe. Omitiendo.

=== Tile: 20HMH ===
Procesando Tile 20HMH | 9 meses a calcular.
Desplegando 2 workers en la CPU...
[201801] Iniciando cálculo con 1 fechas...
[201712] Iniciando cálculo con 1 fechas...
[201803] Iniciando cálculo con 1 fechas...
[201707] Ya existe. Omitiendo.
[201708] Ya existe. Omitiendo.
[201709] Ya existe. Omitiendo.
[201710] Ya existe. Omitiendo.
[201711] Ya existe. Omitiendo.
[201712] Completado exitosamente.
[201801] Completado exitosamente.
[201803] Completado exitosamente.
[201804] Ya existe. Omitiendo.

=== Tile: 20HMJ ===
Procesando Tile 20HMJ | 7 meses a calcular.
Desplegando 2 workers en la CPU...
[201712] Iniciando cálculo con 1 fechas...
[201707] Ya existe. Omitiendo.
[201708] Ya existe. Omitiendo.
[201709] Ya existe. Omitiendo.
[201710] Ya existe. Omitiendo.
[201711] Ya existe. Omitiendo.
[201712] Completado exitosamente.
[201804] Ya existe. Omitiendo.

=== Tile: 20HMK ===
Procesando Tile 20HMK | 7 meses a calcular.
Desplegando 2 workers en la CPU...
[201712] Iniciando cálculo con 1 fechas...
[201707] Ya existe. Omitiendo.
[201708] Ya existe. Omitiendo.
[201709] Ya existe. Omitiendo.
[201710] Ya existe. Omitiendo.
[201711] Ya existe. Omitiendo.
[201712] Completado exitosamente.
[201804] Ya existe. Omitiendo.

=== Tile: 20HNG ===
Procesando Tile 20HNG | 6 meses a calcular.
Desplegando 2 workers en la CPU...
[201711] Iniciando cálculo con 1 fechas...
[201707] Ya existe. Omitiendo.
[201708] Ya existe. Omitiendo.
[201709] Ya existe. Omitiendo.
[201710] Ya existe. Omitiendo.
[201711] Completado exitosamente.
[201804] Ya existe. Omitiendo.

=== Tile: 20HNH ===
Procesando Tile 20HNH | 10 meses a calcular.
Desplegando 2 workers en la CPU...
[201711] Iniciando cálculo con 1 fechas...
[201801] Iniciando cálculo con 1 fechas...
[201803] Iniciando cálculo con 1 fechas...
[201712] Iniciando cálculo con 1 fechas...
[201802] Iniciando cálculo con 1 fechas...
[201707] Ya existe. Omitiendo.
[201708] Ya existe. Omitiendo.
[201709] Ya existe. Omitiendo.
[201710] Ya existe. Omitiendo.
[201711] Completado exitosamente.
[201712] Completado exitosamente.
[201801] Completado exitosamente.
[201802] Completado exitosamente.
[201803] Completado exitosamente.
[201804] Ya existe. Omitiendo.

=== Tile: 20HNJ ===
Procesando Tile 20HNJ | 8 meses a calcular.
Desplegando 2 workers en la CPU...
[201803] Iniciando cálculo con 1 fechas...
[201712] Iniciando cálculo con 1 fechas...
[201707] Ya existe. Omitiendo.
[201708] Ya existe. Omitiendo.
[201709] Ya existe. Omitiendo.
[201710] Ya existe. Omitiendo.
[201711] Ya existe. Omitiendo.
[201712] Completado exitosamente.
[201803] Completado exitosamente.
[201804] Ya existe. Omitiendo.

=== Tile: 20HNK ===
Procesando Tile 20HNK | 8 meses a calcular.
Desplegando 2 workers en la CPU...
[201803] Iniciando cálculo con 1 fechas...
[201712] Iniciando cálculo con 1 fechas...
[201707] Ya existe. Omitiendo.
[201708] Ya existe. Omitiendo.
[201709] Ya existe. Omitiendo.
[201710] Ya existe. Omitiendo.
[201711] Ya existe. Omitiendo.
[201712] Completado exitosamente.
[201803] Completado exitosamente.
[201804] Ya existe. Omitiendo.

=== Tile: 20HPG ===
Procesando Tile 20HPG | 8 meses a calcular.
Desplegando 2 workers en la CPU...
[201712] Iniciando cálculo con 1 fechas...
[201801] Iniciando cálculo con 1 fechas...
[201711] Iniciando cálculo con 1 fechas...
[201707] Ya existe. Omitiendo.
[201708] Ya existe. Omitiendo.
[201709] Ya existe. Omitiendo.
[201710] Ya existe. Omitiendo.
[201711] Completado exitosamente.
[201712] Completado exitosamente.
[201801] Completado exitosamente.
[201804] Ya existe. Omitiendo.

=== Tile: 20HPH ===
Procesando Tile 20HPH | 7 meses a calcular.
Desplegando 2 workers en la CPU...
[201803] Iniciando cálculo con 1 fechas...
[201711] Iniciando cálculo con 1 fechas...
[201707] Ya existe. Omitiendo.
[201708] Ya existe. Omitiendo.
[201709] Ya existe. Omitiendo.
[201710] Ya existe. Omitiendo.
[201711] Completado exitosamente.
[201803] Completado exitosamente.
[201804] Ya existe. Omitiendo.

=== Tile: 20HPJ ===
Procesando Tile 20HPJ | 7 meses a calcular.
Desplegando 2 workers en la CPU...
[201803] Iniciando cálculo con 1 fechas...
[201709] Iniciando cálculo con 1 fechas...
[201707] Ya existe. Omitiendo.
[201708] Ya existe. Omitiendo.
[201709] Completado exitosamente.
[201710] Ya existe. Omitiendo.
[201711] Ya existe. Omitiendo.
[201803] Completado exitosamente.
[201804] Ya existe. Omitiendo.

=== Tile: 20HPK ===
Procesando Tile 20HPK | 6 meses a calcular.
Desplegando 2 workers en la CPU...
[201707] Ya existe. Omitiendo.
[201708] Ya existe. Omitiendo.
[201709] Ya existe. Omitiendo.
[201710] Ya existe. Omitiendo.
[201711] Ya existe. Omitiendo.
[201804] Ya existe. Omitiendo.

=== Tile: 20JKL ===
Procesando Tile 20JKL | 9 meses a calcular.
Desplegando 2 workers en la CPU...
[201708] Ya existe. Omitiendo.
[201709] Ya existe. Omitiendo.
[201710] Ya existe. Omitiendo.
[201711] Ya existe. Omitiendo.
[201712] Ya existe. Omitiendo.
[201801] Ya existe. Omitiendo.
[201802] Ya existe. Omitiendo.
[201803] Ya existe. Omitiendo.
[201804] Ya existe. Omitiendo.

=== Tile: 20JKM ===
Procesando Tile 20JKM | 10 meses a calcular.
Desplegando 2 workers en la CPU...
[201707] Ya existe. Omitiendo.
[201708] Ya existe. Omitiendo.
[201709] Ya existe. Omitiendo.
[201710] Ya existe. Omitiendo.
[201711] Ya existe. Omitiendo.
[201712] Ya existe. Omitiendo.
[201801] Ya existe. Omitiendo.
[201802] Ya existe. Omitiendo.
[201803] Ya existe. Omitiendo.
[201804] Ya existe. Omitiendo.

=== Tile: 20JKN ===
Procesando Tile 20JKN | 10 meses a calcular.
Desplegando 2 workers en la CPU...
[201712] Iniciando cálculo con 1 fechas...
[201707] Ya existe. Omitiendo.
[201708] Ya existe. Omitiendo.
[201709] Ya existe. Omitiendo.
[201710] Ya existe. Omitiendo.
[201711] Ya existe. Omitiendo.
[201712] Completado exitosamente.
[201801] Ya existe. Omitiendo.
[201802] Ya existe. Omitiendo.
[201803] Ya existe. Omitiendo.
[201804] Ya existe. Omitiendo.

=== Tile: 20JLL ===
Procesando Tile 20JLL | 10 meses a calcular.
Desplegando 2 workers en la CPU...
[201707] Ya existe. Omitiendo.
[201708] Ya existe. Omitiendo.
[201709] Ya existe. Omitiendo.
[201710] Ya existe. Omitiendo.
[201711] Ya existe. Omitiendo.
[201712] Ya existe. Omitiendo.
[201801] Ya existe. Omitiendo.
[201802] Ya existe. Omitiendo.
[201803] Ya existe. Omitiendo.
[201804] Ya existe. Omitiendo.

=== Tile: 20JLM ===
Procesando Tile 20JLM | 10 meses a calcular.
Desplegando 2 workers en la CPU...
[201707] Ya existe. Omitiendo.
[201708] Ya existe. Omitiendo.
[201709] Ya existe. Omitiendo.
[201710] Ya existe. Omitiendo.
[201711] Ya existe. Omitiendo.
[201712] Ya existe. Omitiendo.
[201801] Ya existe. Omitiendo.
[201802] Ya existe. Omitiendo.
[201803] Ya existe. Omitiendo.
[201804] Ya existe. Omitiendo.

=== Tile: 20JLN ===
Procesando Tile 20JLN | 10 meses a calcular.
Desplegando 2 workers en la CPU...
[201707] Ya existe. Omitiendo.
[201708] Ya existe. Omitiendo.
[201709] Ya existe. Omitiendo.
[201710] Ya existe. Omitiendo.
[201711] Ya existe. Omitiendo.
[201712] Ya existe. Omitiendo.
[201801] Ya existe. Omitiendo.
[201802] Ya existe. Omitiendo.
[201803] Ya existe. Omitiendo.
[201804] Ya existe. Omitiendo.

=== Tile: 20JML ===
Procesando Tile 20JML | 8 meses a calcular.
Desplegando 2 workers en la CPU...
[201712] Iniciando cálculo con 1 fechas...
[201801] Iniciando cálculo con 1 fechas...
[201804] Iniciando cálculo con 1 fechas...
[201707] Ya existe. Omitiendo.
[201708] Ya existe. Omitiendo.
[201709] Ya existe. Omitiendo.
[201710] Ya existe. Omitiendo.
[201711] Ya existe. Omitiendo.
[201712] Completado exitosamente.
[201801] Completado exitosamente.
[201804] Completado exitosamente.

=== Tile: 20JMM ===
Procesando Tile 20JMM | 10 meses a calcular.
Desplegando 2 workers en la CPU...
[201802] Iniciando cálculo con 1 fechas...
[201707] Ya existe. Omitiendo.
[201708] Ya existe. Omitiendo.
[201709] Ya existe. Omitiendo.
[201710] Ya existe. Omitiendo.
[201711] Ya existe. Omitiendo.
[201712] Ya existe. Omitiendo.
[201801] Ya existe. Omitiendo.
[201802] Completado exitosamente.
[201803] Ya existe. Omitiendo.
[201804] Ya existe. Omitiendo.

=== Tile: 20JMN ===
Procesando Tile 20JMN | 10 meses a calcular.
Desplegando 2 workers en la CPU...
[201707] Ya existe. Omitiendo.
[201708] Ya existe. Omitiendo.
[201709] Ya existe. Omitiendo.
[201710] Ya existe. Omitiendo.
[201711] Ya existe. Omitiendo.
[201712] Ya existe. Omitiendo.
[201801] Ya existe. Omitiendo.
[201802] Ya existe. Omitiendo.
[201803] Ya existe. Omitiendo.
[201804] Ya existe. Omitiendo.

=== Tile: 20JNL ===
Procesando Tile 20JNL | 10 meses a calcular.
Desplegando 2 workers en la CPU...
[201801] Iniciando cálculo con 1 fechas...
[201802] Iniciando cálculo con 1 fechas...
[201712] Iniciando cálculo con 1 fechas...
[201803] Iniciando cálculo con 1 fechas...
[201707] Ya existe. Omitiendo.
[201708] Ya existe. Omitiendo.
[201709] Ya existe. Omitiendo.
[201710] Ya existe. Omitiendo.
[201711] Ya existe. Omitiendo.
[201712] Completado exitosamente.
[201801] Completado exitosamente.
[201802] Completado exitosamente.
[201803] Completado exitosamente.
[201804] Ya existe. Omitiendo.

=== Tile: 20JNM ===
Procesando Tile 20JNM | 10 meses a calcular.
Desplegando 2 workers en la CPU...
[201707] Ya existe. Omitiendo.
[201708] Ya existe. Omitiendo.
[201709] Ya existe. Omitiendo.
[201710] Ya existe. Omitiendo.
[201711] Ya existe. Omitiendo.
[201712] Ya existe. Omitiendo.
[201801] Ya existe. Omitiendo.
[201802] Ya existe. Omitiendo.
[201803] Ya existe. Omitiendo.
[201804] Ya existe. Omitiendo.

=== Tile: 20JNN ===
Procesando Tile 20JNN | 10 meses a calcular.
Desplegando 2 workers en la CPU...
[201707] Ya existe. Omitiendo.
[201708] Ya existe. Omitiendo.
[201709] Ya existe. Omitiendo.
[201710] Ya existe. Omitiendo.
[201711] Ya existe. Omitiendo.
[201712] Ya existe. Omitiendo.
[201801] Ya existe. Omitiendo.
[201802] Ya existe. Omitiendo.
[201803] Ya existe. Omitiendo.
[201804] Ya existe. Omitiendo.

=== Tile: 20JPL ===
Procesando Tile 20JPL | 6 meses a calcular.
Desplegando 2 workers en la CPU...
[201710] Iniciando cálculo con 1 fechas...
[201709] Iniciando cálculo con 1 fechas...
[201803] Iniciando cálculo con 1 fechas...
[201707] Ya existe. Omitiendo.
[201708] Ya existe. Omitiendo.
[201709] Completado exitosamente.
[201710] Completado exitosamente.
[201803] Completado exitosamente.
[201804] Ya existe. Omitiendo.

=== Tile: 20JPM ===
Procesando Tile 20JPM | 10 meses a calcular.
Desplegando 2 workers en la CPU...
[201710] Iniciando cálculo con 1 fechas...
[201801] Iniciando cálculo con 1 fechas...
[201711] Iniciando cálculo con 1 fechas...
[201712] Iniciando cálculo con 1 fechas...
[201707] Ya existe. Omitiendo.
[201708] Ya existe. Omitiendo.
[201709] Ya existe. Omitiendo.
[201710] Completado exitosamente.
[201711] Completado exitosamente.
[201712] Completado exitosamente.
[201801] Completado exitosamente.
[201802] Ya existe. Omitiendo.
[201803] Ya existe. Omitiendo.
[201804] Ya existe. Omitiendo.

=== Tile: 20JPN ===
Procesando Tile 20JPN | 10 meses a calcular.
Desplegando 2 workers en la CPU...
[201708] Iniciando cálculo con 1 fechas...
[201707] Ya existe. Omitiendo.
[201708] Completado exitosamente.
[201709] Ya existe. Omitiendo.
[201710] Ya existe. Omitiendo.
[201711] Ya existe. Omitiendo.
[201712] Ya existe. Omitiendo.
[201801] Ya existe. Omitiendo.
[201802] Ya existe. Omitiendo.
[201803] Ya existe. Omitiendo.
[201804] Ya existe. Omitiendo.
