nohup: ignoring input
20HLJ: 10 meses
  100 parches...
  200 parches...
  300 parches...
  400 parches...
  500 parches...
  600 parches...
  700 parches...
  800 parches...
  900 parches...
  1000 parches...
  1100 parches...
  1200 parches...
  1300 parches...
  1400 parches...
  1500 parches...
  1600 parches...
20HLJ: guardado 1622 parches -> /mnt/yacy_1/prod/ferreyra/dataset/train/dataset_T20HLJ.npz
20HLK: 10 meses
  100 parches...
  200 parches...
  300 parches...
  400 parches...
  500 parches...
  600 parches...
  700 parches...
  800 parches...
  900 parches...
  1000 parches...
  1100 parches...
  1200 parches...
  1300 parches...
  1400 parches...
  1500 parches...
  1600 parches...
20HLK: guardado 1694 parches -> /mnt/yacy_1/prod/ferreyra/dataset/train/dataset_T20HLK.npz
20HMJ: 7 meses
  100 parches...
  200 parches...
  300 parches...
  400 parches...
  500 parches...
  600 parches...
  700 parches...
  800 parches...
  900 parches...
  1000 parches...
  1100 parches...
  1200 parches...
  1300 parches...
  1400 parches...
  1500 parches...
  1600 parches...
  1700 parches...
20HMJ: guardado 1764 parches -> /mnt/yacy_1/prod/ferreyra/dataset/train/dataset_T20HMJ.npz
20HMK: 7 meses
  100 parches...
  200 parches...
  300 parches...
  400 parches...
  500 parches...
  600 parches...
  700 parches...
  800 parches...
  900 parches...
  1000 parches...
  1100 parches...
  1200 parches...
  1300 parches...
  1400 parches...
  1500 parches...
  1600 parches...
  1700 parches...
20HMK: guardado 1764 parches -> /mnt/yacy_1/prod/ferreyra/dataset/train/dataset_T20HMK.npz
20JLL: ya existe, omitiendo
20JML: 8 meses
  100 parches...
  200 parches...
  300 parches...
  400 parches...
  500 parches...
  600 parches...
  700 parches...
  800 parches...
  900 parches...
  1000 parches...
  1100 parches...
  1200 parches...
  1300 parches...
  1400 parches...
  1500 parches...
  1600 parches...
  1700 parches...
20JML: guardado 1764 parches -> /mnt/yacy_1/prod/ferreyra/dataset/train/dataset_T20JML.npz

Listo - todos los datasets generados
